// Vitest Snapshot v1, https://vitest.dev/guide/snapshot.html

exports[`EditorPanelRenderer > should render the component with the correct metadata 1`] = `
<div>
  <script
    nonce=""
  >
    ((e,i,s,u,m,a,l,h)=&gt;{let d=document.documentElement,w=["light","dark"];function p(n){(Array.isArray(e)?e:[e]).forEach(y=&gt;{let k=y==="class",S=k&&a?m.map(f=&gt;a[f]||f):m;k?(d.classList.remove(...S),d.classList.add(a&&a[n]?a[n]:n)):d.setAttribute(y,n)}),R(n)}function R(n){h&&w.includes(n)&&(d.style.colorScheme=n)}function c(){return window.matchMedia("(prefers-color-scheme: dark)").matches?"dark":"light"}if(u)p(u);else try{let n=localStorage.getItem(i)||s,y=l&&n==="system"?c():n;p(y)}catch(n){}})("class","theme","system",null,["light","dark"],null,true,true)
  </script>
  <div
    class="css-8ei852"
    data-testid="panel-box"
  >
    <div
      class="css-pg61ge"
    >
      <h6
        class="chakra-heading css-1na86dk"
      >
        Panel 1
      </h6>
      <button
        class="chakra-button css-ljrtzn"
        type="button"
      >
        <svg
          aria-hidden="true"
          class="lucide lucide-chevron-down"
          fill="none"
          height="16"
          stroke="currentColor"
          stroke-linecap="round"
          stroke-linejoin="round"
          stroke-width="2"
          style="transform: none; transition: transform 0.2s;"
          viewBox="0 0 24 24"
          width="16"
          xmlns="http://www.w3.org/2000/svg"
        >
          <path
            d="m6 9 6 6 6-6"
          />
        </svg>
      </button>
    </div>
    <div
      class="css-12wustm"
    >
      <div
        class="css-n33ttv"
      >
        <div
          class="chakra-field__root css-1anu6qw"
          data-part="root"
          data-scope="field"
          id="field::«r0»"
          orientation="horizontal"
          role="group"
        >
          <label
            class="chakra-field__label css-84rnco"
            data-part="label"
            data-scope="field"
            for="«r0»"
            id="field::«r0»::label"
          >
            Property 1
          </label>
          <div
            class="chakra-native-select__root css-8sp2e0"
          >
            <select
              class="chakra-native-select__field css-jwpnxr"
              data-part="select"
              data-scope="field"
              id="«r0»"
            >
              <option
                value="option1"
              >
                Option 1
              </option>
              <option
                value="option2"
              >
                Option 2
              </option>
            </select>
            <div
              class="chakra-native-select__indicator css-hydxzs"
            >
              <svg
                class="css-s3mb0o"
                viewBox="0 0 24 24"
              >
                <path
                  d="m6 9 6 6 6-6"
                />
              </svg>
            </div>
          </div>
        </div>
      </div>
      <div
        class="css-n33ttv"
      >
        <div
          class="chakra-field__root css-1anu6qw"
          data-part="root"
          data-scope="field"
          id="field::«r1»"
          orientation="horizontal"
          role="group"
        >
          <label
            class="chakra-field__label css-84rnco"
            data-part="label"
            data-scope="field"
            for="«r1»"
            id="field::«r1»::label"
          >
            Property 2
          </label>
          <input
            class="chakra-input css-1hens3x"
            data-part="input"
            data-scope="field"
            id="«r1»"
            value="new value"
          />
        </div>
      </div>
      <div
        class="css-cdgtm1"
      >
        <div
          class="chakra-field__root css-1anu6qw"
          data-part="root"
          data-scope="field"
          id="field::«r2»"
          orientation="horizontal"
          role="group"
        >
          <label
            class="chakra-field__label css-84rnco"
            data-part="label"
            data-scope="field"
            for="«r2»"
            id="field::«r2»::label"
          >
            Property 3
          </label>
          <div
            class="colorPicker__root css-zxnr2f"
            data-part="root"
            data-scope="color-picker"
            dir="ltr"
            id="color-picker:«r3»"
            style="--value: rgba(255, 0, 0, 1);"
          >
            <input
              id="color-picker:«r3»:hidden-input"
              style="border: 0px; height: 1px; margin: -1px; overflow: hidden; padding: 0px; position: absolute; width: 1px; white-space: nowrap; word-wrap: normal;"
              tabindex="-1"
              type="text"
              value="rgba(255, 0, 0, 1)"
            />
            <div
              class="colorPicker__control css-1q6y153"
              data-part="control"
              data-scope="color-picker"
              data-state="closed"
              dir="ltr"
              id="color-picker:«r3»:control"
            >
              <input
                aria-label="hex"
                autocomplete="off"
                class="colorPicker__channelInput css-1aemz6e"
                data-channel="hex"
                data-part="channel-input"
                data-scope="color-picker"
                dir="ltr"
                max="16777215"
                min="0"
                spellcheck="false"
                step="1"
                style="appearance: none;"
                type="text"
                value="#FF0000"
              />
              <button
                aria-controls="color-picker:«r3»:content"
                aria-label="select color. current color is rgba(255, 0, 0, 1)"
                aria-labelledby="field::«r2»::label"
                class="colorPicker__trigger css-10mv649"
                data-part="trigger"
                data-scope="color-picker"
                data-state="closed"
                dir="ltr"
                id="color-picker:«r3»:trigger"
                style="position: relative;"
                type="button"
              >
                <div
                  class="colorPicker__swatch css-lkq982"
                  data-part="swatch"
                  data-scope="color-picker"
                  data-state="checked"
                  data-value="#FF0000"
                  dir="ltr"
                  style="--color: rgba(255, 0, 0, 1); position: relative; background: rgb(255, 0, 0);"
                />
              </button>
            </div>
          </div>
        </div>
      </div>
    </div>
  </div>
</div>
`;
